// Jest Snapshot v1, https://goo.gl/fbAQLP

exports[`should match Footer snapshot 1`] = `
<View
  style={
    [
      {
        "borderTopWidth": 1,
        "height": 50,
      },
      {
        "backgroundColor": "#EBEBEB",
      },
      {
        "borderColor": "#DEDEDE",
      },
    ]
  }
>
  <View
    accessibilityState={
      {
        "busy": undefined,
        "checked": undefined,
        "disabled": undefined,
        "expanded": undefined,
        "selected": undefined,
      }
    }
    accessibilityValue={
      {
        "max": undefined,
        "min": undefined,
        "now": undefined,
        "text": undefined,
      }
    }
    accessible={true}
    collapsable={false}
    focusable={true}
    onClick={[Function]}
    onResponderGrant={[Function]}
    onResponderMove={[Function]}
    onResponderRelease={[Function]}
    onResponderTerminate={[Function]}
    onResponderTerminationRequest={[Function]}
    onStartShouldSetResponder={[Function]}
    style={
      {
        "alignItems": "center",
        "flex": 1,
        "justifyContent": "center",
        "marginHorizontal": 24,
        "opacity": 1,
      }
    }
  >
    <Text
      numberOfLines={1}
      style={
        [
          {
            "fontSize": 36,
            "textAlign": "center",
          },
          {
            "color": "#EE0003",
          },
        ]
      }
    >
      Disable Barricade
    </Text>
  </View>
</View>
`;
